// Jest Snapshot v1, https://goo.gl/fbAQLP

exports[`testing API /api should return fixed data 1`] = `
Array [
  Object {
    "createdAt": "2018-02-13T15:34:10.030Z",
    "id": 0,
    "name": "Lilly Schumm III",
    "updatedAt": "2018-02-13T15:34:10.030Z",
  },
  Object {
    "createdAt": "2018-02-13T15:34:10.030Z",
    "id": 1,
    "name": "Olen Satterfield",
    "updatedAt": "2018-02-13T15:34:10.030Z",
  },
  Object {
    "createdAt": "2018-02-13T15:34:10.030Z",
    "id": 2,
    "name": "Camilla Gorczany",
    "updatedAt": "2018-02-13T15:34:10.030Z",
  },
  Object {
    "createdAt": "2018-02-13T15:34:10.030Z",
    "id": 3,
    "name": "Raul Williamson Sr.",
    "updatedAt": "2018-02-13T15:34:10.030Z",
  },
  Object {
    "createdAt": "2018-02-13T15:34:10.030Z",
    "id": 4,
    "name": "Florencio Ankunding",
    "updatedAt": "2018-02-13T15:34:10.030Z",
  },
  Object {
    "createdAt": "2018-02-13T15:34:10.030Z",
    "id": 5,
    "name": "Marjory Harber",
    "updatedAt": "2018-02-13T15:34:10.030Z",
  },
  Object {
    "createdAt": "2018-02-13T15:34:10.030Z",
    "id": 6,
    "name": "Furman Boyle",
    "updatedAt": "2018-02-13T15:34:10.030Z",
  },
  Object {
    "createdAt": "2018-02-13T15:34:10.030Z",
    "id": 7,
    "name": "Jo Kiehn",
    "updatedAt": "2018-02-13T15:34:10.030Z",
  },
  Object {
    "createdAt": "2018-02-13T15:34:10.030Z",
    "id": 8,
    "name": "Dr. Oliver Green",
    "updatedAt": "2018-02-13T15:34:10.030Z",
  },
  Object {
    "createdAt": "2018-02-13T15:34:10.030Z",
    "id": 9,
    "name": "Myron Morar",
    "updatedAt": "2018-02-13T15:34:10.030Z",
  },
]
`;
